<?xml version="1.0" encoding="utf-8"?><testsuites><testsuite name="pytest" errors="0" failures="0" skipped="0" tests="12" time="0.140" timestamp="2025-10-23T00:07:39.968673" hostname="srinivas-HP-Laptop-15s-fr2xxx"><testcase classname="test_calculator.TestScientificCalculator" name="test_square_root_positive" time="0.002" /><testcase classname="test_calculator.TestScientificCalculator" name="test_square_root_zero" time="0.001" /><testcase classname="test_calculator.TestScientificCalculator" name="test_square_root_negative" time="0.001" /><testcase classname="test_calculator.TestScientificCalculator" name="test_factorial_positive" time="0.001" /><testcase classname="test_calculator.TestScientificCalculator" name="test_factorial_negative" time="0.001" /><testcase classname="test_calculator.TestScientificCalculator" name="test_factorial_non_integer" time="0.001" /><testcase classname="test_calculator.TestScientificCalculator" name="test_natural_log_positive" time="0.001" /><testcase classname="test_calculator.TestScientificCalculator" name="test_natural_log_zero" time="0.001" /><testcase classname="test_calculator.TestScientificCalculator" name="test_natural_log_negative" time="0.001" /><testcase classname="test_calculator.TestScientificCalculator" name="test_power_positive" time="0.001" /><testcase classname="test_calculator.TestScientificCalculator" name="test_power_negative_exponent" time="0.001" /><testcase classname="test_calculator.TestScientificCalculator" name="test_power_fractional" time="0.001" /></testsuite></testsuites>